// Jest Snapshot v1, https://goo.gl/fbAQLP

exports[`simple renders correctly 1`] = `
<div>
  <h3>
    name
  </h3>
  <div>
    Description: 
    description
  </div>
  <div>
    Language: 
    language
  </div>
</div>
`;
